 IPER  ISTEP  TLEN  STAIN  CSTIN  IBEIN  IBVIN  WSTIN  CNHIN  STAOUT  CSTOUT  IBEOUT  IBVOUT  WSTOUT  CNHOUT  ABER  RBER
 1          1          0.38313807       0                0                0.012356872      0.029105031      0                0                0                0                0                0                0                0.041461903      6.9388939e-18    8.3677948e-15   
 1          2          0.78543304       0                0                0.018715173      0.045380967      0                0                0                0                0                0                0                0.06409614       3.469447e-18     0               
 1          3          1.2078428        0                0                0.023692809      0.058316979      0                0                0                0                0                0                0                0.082009788      0                0               
 1          4          1.651373         0                0                0.028008937      0.069566299      0                0                0                0                0                0                0                0.097575236      1.7347235e-18    7.1113268e-15   
 1          5          2.1170797        0                0                0.031932785      0.079789733      0                0                0                0                0                0                0                0.11172252       0                0               
 1          6          2.6060717        0                0                0.035598361      0.089331666      0                0                0                0                0                0                0                0.12493003       -1.7347235e-18   0               
 1          7          3.1195134        0                0                0.039082949      0.098398099      0                0                0                0                0                0                0                0.13748105       -1.7347235e-18   0               
 1          8          3.6586271        0                0                0.042434942      0.10712442       0                0                0                0                0                0                0                0.14955936       -3.469447e-18    0               
 1          9          4.2246966        0                0                0.045685842      0.11560642       0                0                0                0                0                0                0                0.16129226       -3.469447e-18    0               
 1          10         4.8190695        0                0                0.048856168      0.12391622       0                0                0                0                0                0                0                0.17277238       0                0               
 1          11         5.443161         0                0                0.05195868       0.13211114       0                0                0                0                0                0                0                0.18406982       0                0               
 1          12         6.0984571        0                0                0.05500035       0.14023895       0                0                0                0                0                0                0                0.1952393        0                0               
 1          13         6.7865181        0                0                0.057983686      0.14834101       0                0                0                0                0                0                0                0.2063247        1.7347235e-18    0               
 1          14         7.508982         0                0                0.060907736      0.15645422       0                0                0                0                0                0                0                0.21736196       1.7347235e-18    0               
 1          15         8.2675692        0                0                0.063768891      0.16461217       0                0                0                0                0                0                0                0.22838106       1.7347235e-18    0               
 1          16         9.0640857        0                0                0.066561572      0.17284588       0                0                0                0                0                0                0                0.23940745       1.7347235e-18    0               
 1          17         9.9004281        0                0                0.069278816      0.18118417       0                0                0                0                0                0                0                0.25046299       1.7347235e-18    0               
 1          18         10.778588        0                0                0.071912799      0.18965394       0                0                0                0                0                0                0                0.26156673       3.469447e-18     0               
 1          19         11.700655        0                0                0.074455271      0.1982802        0                0                0                0                0                0                0                0.27273547       3.469447e-18     0               
 1          20         12.668826        0                0                0.076897949      0.20708616       0                0                0                0                0                0                0                0.28398411       5.2041704e-18    0               
 1          21         13.685405        0                0                0.079232843      0.21609327       0                0                0                0                0                0                0                0.29532611       5.2041704e-18    0               
 1          22         14.752814        0                0                0.081452538      0.22532112       0                0                0                0                0                0                0                0.30677366       5.2041704e-18    0               
 1          23         15.873592        0                0                0.083550437      0.23478749       0                0                0                0                0                0                0                0.31833793       6.9388939e-18    0               
 1          24         17.05041         0                0                0.085520957      0.24450827       0                0                0                0                0                0                0                0.33002923       6.9388939e-18    0               
 1          25         18.286069        0                0                0.087359692      0.25449754       0                0                0                0                0                0                0                0.34185723       6.9388939e-18    0               
 1          26         19.58351         0                0                0.089063546      0.26476749       0                0                0                0                0                0                0                0.35383104       8.6736174e-18    0               
 1          27         20.945824        0                0                0.090630818      0.27532849       0                0                0                0                0                0                0                0.36595931       8.6736174e-18    0               
 1          28         22.376253        0                0                0.092061258      0.28618914       0                0                0                0                0                0                0                0.37825039       6.9388939e-18    0               
 1          29         23.878204        0                0                0.093356085      0.29735627       0                0                0                0                0                0                0                0.39071236       6.9388939e-18    0               
 1          30         25.455252        0                0                0.094517961      0.3088351        0                0                0                0                0                0                0                0.40335306       3.469447e-18     0               
 1          31         27.111152        0                0                0.095550931      0.32062933       0                0                0                0                0                0                0                0.41618026       5.2041704e-18    0               
 1          32         28.849848        0                0                0.096460325      0.33274132       0                0                0                0                0                0                0                0.42920164       5.2041704e-18    0               
 1          33         30.675479        0                0                0.097252626      0.34517223       0                0                0                0                0                0                0                0.44242485       6.9388939e-18    0               
 1          34         32.592391        0                0                0.097935302      0.35792224       0                0                0                0                0                0                0                0.45585755       5.2041704e-18    6.0886511e-15   
 1          35         34.605148        0                0                0.098516621      0.37099082       0                0                0                0                0                0                0                0.46950744       5.2041704e-18    5.911637e-15    
 1          36         36.718544        0                0                0.09900544       0.38437686       0                0                0                0                0                0                0                0.4833823        6.9388939e-18    5.7419511e-15   
 1          37         38.937609        0                0                0.099410987      0.39807903       0                0                0                0                0                0                0                0.49749002       8.6736174e-18    5.5791221e-15   
 1          38         41.267627        0                0                0.099742639      0.41209594       0                0                0                0                0                0                0                0.51183858       1.0408341e-17    0               
 1          39         43.714147        0                0                0.1000097        0.42642643       0                0                0                0                0                0                0                0.52643613       1.2143064e-17    0               
 1          40         46.282992        0                0                0.10022122       0.44106972       0                0                0                0                0                0                0                0.54129094       1.2143064e-17    0               
 1          41         48.98028         0                0                0.10038577       0.45602569       0                0                0                0                0                0                0                0.55641146       1.2143064e-17    0               
 1          42         51.812432        0                0                0.10051133       0.47129499       0                0                0                0                0                0                0                0.57180631       1.2143064e-17    0               
 1          43         54.786192        0                0                0.10060515       0.48687914       0                0                0                0                0                0                0                0.58748429       1.2143064e-17    0               
 1          44         57.908639        0                0                0.10067368       0.50278072       0                0                0                0                0                0                0                0.6034544        1.2143064e-17    0               
 1          45         61.187209        0                0                0.10072252       0.51900331       0                0                0                0                0                0                0                0.61972583       1.5612511e-17    0               
 1          46         64.629708        0                0                0.10075638       0.53555158       0                0                0                0                0                0                0                0.63630797       1.5612511e-17    0               
 1          47         68.244331        0                0                0.10077918       0.55243123       0                0                0                0                0                0                0                0.65321042       1.5612511e-17    0               
 1          48         72.039686        0                0                0.10079404       0.56964896       0                0                0                0                0                0                0                0.670443         1.5612511e-17    0               
 1          49         76.024808        0                0                0.10080337       0.58721238       0                0                0                0                0                0                0                0.68801575       1.5612511e-17    0               
 1          50         80.209187        0                0                0.10080901       0.60512992       0                0                0                0                0                0                0                0.70593893       1.5612511e-17    0               
 1          51         84.602784        0                0                0.10081226       0.62341077       0                0                0                0                0                0                0                0.72422303       1.5612511e-17    0               
 1          52         89.216062        0                0                0.10081404       0.64206473       0                0                0                0                0                0                0                0.74287877       1.2143064e-17    0               
 1          53         94.060003        0                0                0.10081497       0.66110216       0                0                0                0                0                0                0                0.76191712       8.6736174e-18    0               
 1          54         99.146141        0                0                0.10081542       0.68053387       0                0                0                0                0                0                0                0.78134929       5.2041704e-18    0               
 1          55         104.48659        0                0                0.10081562       0.7003711        0                0                0                0                0                0                0                0.80118672       5.2041704e-18    0               
 1          56         110.09405        0                0                0.1008157        0.72062543       0                0                0                0                0                0                0                0.82144113       5.2041704e-18    0               
 1          57         115.98189        0                0                0.10081573       0.74130875       0                0                0                0                0                0                0                0.84212449       8.6736174e-18    0               
 1          58         122.16413        0                0                0.10081574       0.76243328       0                0                0                0                0                0                0                0.86324903       8.6736174e-18    0               
 1          59         128.65547        0                0                0.10081575       0.78401151       0                0                0                0                0                0                0                0.88482726       8.6736174e-18    0               
 1          60         135.47138        0                0                0.10081575       0.80605621       0                0                0                0                0                0                0                0.90687196       5.2041704e-18    0               
 1          61         142.62809        0                0                0.10081575       0.82858046       0                0                0                0                0                0                0                0.92939621       8.6736174e-18    0               
 1          62         150.14263        0                0                0.10081575       0.85159762       0                0                0                0                0                0                0                0.95241336       8.6736174e-18    0               
 1          63         158.0329         0                0                0.10081575       0.87512134       0                0                0                0                0                0                0                0.97593709       5.2041704e-18    0               
 1          64         166.31769        0                0                0.10081575       0.8991656        0                0                0                0                0                0                0                0.99998134       5.2041704e-18    0               
 1          65         175.01671        0                0                0.10081575       0.92374467       0                0                0                0                4.8474417e-16    0                0                1.0245604        1.7347235e-18    0               
 1          66         184.15068        0                0                0.10081575       0.94887315       0                0                0                0                1.04864e-14      0                0                1.0496889        1.7347235e-18    0               
 1          67         193.74135        0                0                0.10081575       0.97456598       0                0                0                0                2.7135611e-14    0                0                1.0753817        5.2041704e-18    0               
 1          68         203.81156        0                0                0.10081575       1.0008384        0                0                0                0                2.7135611e-14    0                0                1.1016542        1.7347235e-18    0               
 1          69         214.38528        0                0                0.10081575       1.0277061        0                0                0                0                2.7135611e-14    0                0                1.1285219        5.2041704e-18    0               
 1          70         225.48768        0                0                0.10081575       1.055185         0                0                0                0                2.7135611e-14    0                0                1.1560007        5.2041704e-18    0               
 1          71         237.1452         0                0                0.10081575       1.0832914        0                0                0                0                2.7135611e-14    0                0                1.1841072        8.6736174e-18    0               
 1          72         249.3856         0                0                0.10081575       1.1120421        0                0                0                0                2.7135611e-14    0                0                1.2128578        8.6736174e-18    0               
 1          73         262.23802        0                0                0.10081575       1.1414541        0                0                0                0                2.7135611e-14    0                0                1.2422699        8.6736174e-18    0               
 1          74         275.73305        0                0                0.10081575       1.171545         0                0                0                0                2.7135611e-14    0                0                1.2723607        8.6736174e-18    0               
 1          75         289.90284        0                0                0.10081575       1.2023325        0                0                0                0                2.7135611e-14    0                0                1.3031483        8.6736174e-18    0               
 1          76         304.78113        0                0                0.10081575       1.2338351        0                0                0                0                2.7135611e-14    0                0                1.3346509        8.6736174e-18    0               
 1          77         320.40332        0                0                0.10081575       1.2660715        0                0                0                0                2.7135611e-14    0                0                1.3668872        1.7347235e-18    0               
 1          78         336.80662        0                0                0.10081575       1.2990608        0                0                0                0                2.7135611e-14    0                0                1.3998765        1.7347235e-18    0               
 1          79         354.03009        0                0                0.10081575       1.3328226        0                0                0                0                2.7135611e-14    0                0                1.4336383        1.7347235e-18    0               
 1          80         372.11474        0                0                0.10081575       1.367377         0                0                0                0                2.7135611e-14    0                0                1.4681928        -5.2041704e-18   0               
 1          81         391.10361        0                0                0.10081575       1.4027446        0                0                0                0                2.7135611e-14    0                0                1.5035604        -1.2143064e-17   0               
 1          82         411.04193        0                0                0.10081575       1.4389464        0                0                0                0                2.7135611e-14    0                0                1.5397621        -1.2143064e-17   0               
 1          83         431.97716        0                0                0.10081575       1.4760039        0                0                0                0                2.7135611e-14    0                0                1.5768196        -1.2143064e-17   0               
 1          84         453.95916        0                0                0.10081575       1.5139391        0                0                0                0                2.7135611e-14    0                0                1.6147548        -1.2143064e-17   0               
 1          85         477.04026        0                0                0.10081575       1.5527745        0                0                0                0                2.7135611e-14    0                0                1.6535903        -1.2143064e-17   0               
 1          86         501.27541        0                0                0.10081575       1.5925334        0                0                0                0                2.7135611e-14    0                0                1.6933491        -1.2143064e-17   0               
 1          87         526.72232        0                0                0.10081575       1.6332392        0                0                0                0                2.7135611e-14    0                0                1.734055         -1.2143064e-17   0               
 1          88         553.44157        0                0                0.10081575       1.6749162        0                0                0                0                2.7135611e-14    0                0                1.775732         -1.2143064e-17   0               
 1          89         581.49679        0                0                0.10081575       1.7175892        0                0                0                0                2.7135611e-14    0                0                1.8184049        -1.2143064e-17   0               
 1          90         610.95476        0                0                0.10081575       1.7612835        0                0                0                0                2.7135611e-14    0                0                1.8620992        -1.2143064e-17   0               
 1          91         641.88564        0                0                0.10081575       1.806025         0                0                0                0                2.7135611e-14    0                0                1.9068408        -1.2143064e-17   0               
 1          92         674.36306        0                0                0.10081575       1.8518404        0                0                0                0                2.7135611e-14    0                0                1.9526562        -1.2143064e-17   0               
 1          93         708.46435        0                0                0.10081575       1.8987569        0                0                0                0                2.7135611e-14    0                0                1.9995727        -1.2143064e-17   0               
 1          94         744.27071        0                0                0.10081575       1.9468024        0                0                0                0                2.7135611e-14    0                0                2.0476182        -1.2143064e-17   0               
 1          95         781.86738        0                0                0.10081575       1.9960054        0                0                0                0                2.7135611e-14    0                0                2.0968211        -1.2143064e-17   0               
 1          96         821.34389        0                0                0.10081575       2.0463951        0                0                0                0                2.7135611e-14    0                0                2.1472108        -1.2143064e-17   0               
 1          97         862.79422        0                0                0.10081575       2.0980015        0                0                0                0                2.7135611e-14    0                0                2.1988172        -1.2143064e-17   0               
 1          98         906.31707        0                0                0.10081575       2.1508552        0                0                0                0                2.7135611e-14    0                0                2.2516709        -1.2143064e-17   0               
 1          99         952.01606        0                0                0.10081575       2.2049876        0                0                0                0                2.7135611e-14    0                0                2.3058034        -1.2143064e-17   0               
 1          100        1000             0                0                0.10081575       2.2604309        0                0                0                0                2.7135611e-14    0                0                2.3612467        -1.2143064e-17   0               
